../Core/mylibs/ydlidar/Ydlidar.c:21:10:calculateChecksum	32	static
../Core/mylibs/ydlidar/Ydlidar.c:45:10:getDeviceInfo	40	static
../Core/mylibs/ydlidar/Ydlidar.c:77:10:getDeviceHealth	40	static
../Core/mylibs/ydlidar/Ydlidar.c:105:6:stopScan	8	static
../Core/mylibs/ydlidar/Ydlidar.c:115:10:startScan	16	static
../Core/mylibs/ydlidar/Ydlidar.c:134:6:sendCommand	24	static
../Core/mylibs/ydlidar/Ydlidar.c:148:10:receiveResponseHeader	24	static
../Core/mylibs/ydlidar/Ydlidar.c:177:6:parseDistance	40	static
../Core/mylibs/ydlidar/Ydlidar.c:193:6:AngleFirstLevelParse1	72	static
../Core/mylibs/ydlidar/Ydlidar.c:215:6:AngleFirstLevelParse	72	static
../Core/mylibs/ydlidar/Ydlidar.c:250:6:AngleSecondLevelParse	48	static
../Core/mylibs/ydlidar/Ydlidar.c:277:6:startReceiveScanData	16	static
../Core/mylibs/ydlidar/Ydlidar.c:290:6:dataProcess	184	dynamic
../Core/mylibs/ydlidar/Ydlidar.c:404:6:reset	8	static
../Core/mylibs/ydlidar/Ydlidar.c:413:6:restartScan	48	static
../Core/mylibs/ydlidar/Ydlidar.c:455:6:task_ydlidar	24	static
../Core/mylibs/ydlidar/Ydlidar.c:468:6:createYdlidarTask	16	static
