../Core/Driver/Ydliar/Ydlidar.c:19:10:calculateChecksum	24	static
../Core/Driver/Ydliar/Ydlidar.c:36:10:getDeviceInfo	32	static
../Core/Driver/Ydliar/Ydlidar.c:68:10:getDeviceHealth	32	static
../Core/Driver/Ydliar/Ydlidar.c:96:6:stopScan	8	static
../Core/Driver/Ydliar/Ydlidar.c:106:10:startScan	16	static
../Core/Driver/Ydliar/Ydlidar.c:127:6:sendCommand	24	static
../Core/Driver/Ydliar/Ydlidar.c:141:10:receiveResponseHeader	24	static
../Core/Driver/Ydliar/Ydlidar.c:170:6:parseDistance	40	static
../Core/Driver/Ydliar/Ydlidar.c:186:6:AngleFirstLevelParse	72	static
../Core/Driver/Ydliar/Ydlidar.c:208:6:AngleSecondLevelParse	48	static
../Core/Driver/Ydliar/Ydlidar.c:234:6:startReceiveScanData	8	static
../Core/Driver/Ydliar/Ydlidar.c:247:6:dataProcess	144	dynamic
../Core/Driver/Ydliar/Ydlidar.c:312:6:dataProcess1	104	dynamic
../Core/Driver/Ydliar/Ydlidar.c:380:6:reset	8	static
../Core/Driver/Ydliar/Ydlidar.c:389:6:restartScan	40	static
