../Core/Driver/Ydliar/Ydlidar.c:22:10:calculateChecksum	32	static
../Core/Driver/Ydliar/Ydlidar.c:46:10:getDeviceInfo	32	static
../Core/Driver/Ydliar/Ydlidar.c:78:10:getDeviceHealth	32	static
../Core/Driver/Ydliar/Ydlidar.c:106:6:stopScan	8	static
../Core/Driver/Ydliar/Ydlidar.c:116:10:startScan	16	static
../Core/Driver/Ydliar/Ydlidar.c:137:6:sendCommand	24	static
../Core/Driver/Ydliar/Ydlidar.c:151:10:receiveResponseHeader	24	static
../Core/Driver/Ydliar/Ydlidar.c:180:6:parseDistance	40	static
../Core/Driver/Ydliar/Ydlidar.c:196:6:AngleFirstLevelParse	72	static
../Core/Driver/Ydliar/Ydlidar.c:218:6:AngleSecondLevelParse	48	static
../Core/Driver/Ydliar/Ydlidar.c:245:6:startReceiveScanData	8	static
../Core/Driver/Ydliar/Ydlidar.c:257:6:dataProcessuse	144	dynamic
../Core/Driver/Ydliar/Ydlidar.c:354:6:dataProcess	144	dynamic
../Core/Driver/Ydliar/Ydlidar.c:444:6:dataProcess1	104	dynamic
../Core/Driver/Ydliar/Ydlidar.c:512:6:reset	8	static
../Core/Driver/Ydliar/Ydlidar.c:521:6:restartScan	40	static
