D:/ENSEA/Coursenensea/annee3/ESE/Systemes_a_microcontroleurs/TP/Projet_robot_chat/YDLIDAR/Core/Driver/Ydliar/myuart.h:11:8:uartSendCommand	1
D:/ENSEA/Coursenensea/annee3/ESE/Systemes_a_microcontroleurs/TP/Projet_robot_chat/YDLIDAR/Core/Driver/Ydliar/myuart.h:17:8:uartReceiveResponse	1
D:/ENSEA/Coursenensea/annee3/ESE/Systemes_a_microcontroleurs/TP/Projet_robot_chat/YDLIDAR/Core/Driver/Ydliar/myuart.h:22:8:uartReceiveDataDMA	1
D:/ENSEA/Coursenensea/annee3/ESE/Systemes_a_microcontroleurs/TP/Projet_robot_chat/YDLIDAR/Core/Driver/Ydliar/myuart.h:29:6:HAL_UART_RxCpltCallback	3
../Core/Src/main.c:76:5:main	1
../Core/Src/main.c:130:6:SystemClock_Config	3
../Core/Src/main.c:177:13:MX_USART1_UART_Init	2
../Core/Src/main.c:209:13:MX_USART2_UART_Init	2
../Core/Src/main.c:239:13:MX_DMA_Init	1
../Core/Src/main.c:256:13:MX_GPIO_Init	1
../Core/Src/main.c:296:6:Error_Handler	1
