D:/ENSEA/Coursenensea/annee3/ESE/Systemes_a_microcontroleurs/TP/Projet_robot_chat/YDLIDAR/Core/Driver/Ydliar/myuart.h:10:8:uartSendCommand	16	static
D:/ENSEA/Coursenensea/annee3/ESE/Systemes_a_microcontroleurs/TP/Projet_robot_chat/YDLIDAR/Core/Driver/Ydliar/myuart.h:16:8:uartReceiveResponse	16	static
D:/ENSEA/Coursenensea/annee3/ESE/Systemes_a_microcontroleurs/TP/Projet_robot_chat/YDLIDAR/Core/Driver/Ydliar/myuart.h:21:8:uartReceiveDataDMA	16	static
D:/ENSEA/Coursenensea/annee3/ESE/Systemes_a_microcontroleurs/TP/Projet_robot_chat/YDLIDAR/Core/Driver/Ydliar/myuart.h:28:6:HAL_UART_RxCpltCallback	16	static
../Core/Src/main.c:71:5:main	8	static
../Core/Src/main.c:126:6:SystemClock_Config	88	static
../Core/Src/main.c:175:6:Error_Handler	4	static,ignoring_inline_asm
