D:/ENSEA/Coursenensea/annee3/ESE/Systemes_a_microcontroleurs/TP/Projet_robot_chat/YDLIDAR/Core/Driver/Ydliar/myuart.h:10:8:uartSendCommand	1
D:/ENSEA/Coursenensea/annee3/ESE/Systemes_a_microcontroleurs/TP/Projet_robot_chat/YDLIDAR/Core/Driver/Ydliar/myuart.h:16:8:uartReceiveResponse	1
D:/ENSEA/Coursenensea/annee3/ESE/Systemes_a_microcontroleurs/TP/Projet_robot_chat/YDLIDAR/Core/Driver/Ydliar/myuart.h:21:8:uartReceiveDataDMA	1
D:/ENSEA/Coursenensea/annee3/ESE/Systemes_a_microcontroleurs/TP/Projet_robot_chat/YDLIDAR/Core/Driver/Ydliar/myuart.h:28:6:HAL_UART_RxCpltCallback	3
../Core/Src/main.c:76:5:main	1
../Core/Src/main.c:130:6:SystemClock_Config	3
../Core/Src/main.c:178:13:MX_USART1_UART_Init	2
../Core/Src/main.c:211:13:MX_USART2_UART_Init	2
../Core/Src/main.c:242:13:MX_DMA_Init	1
../Core/Src/main.c:260:13:MX_GPIO_Init	1
../Core/Src/main.c:300:6:Error_Handler	1
